{
  "ok": true,
  "module": "INTERPRETER-ADAPTER-B2-BYPASS-001",
  "cases": [
    {
      "text": "你好",
      "decision": "respond",
      "resultText": "你好，我在。你可以让我检查Runtime状态，或者只读查看你明确提供路径的文件。",
      "taskCreates": 0,
      "runCreates": 0,
      "scheduler": 0,
      "provider": 0,
      "express": 0,
      "understand": 0,
      "execute": 0
    },
    {
      "text": "帮我看下那个文件",
      "decision": "clarify",
      "resultText": "我可以帮你只读查看文件，但还缺少明确的文件路径。请把完整路径发给我。",
      "taskCreates": 0,
      "runCreates": 0,
      "scheduler": 0,
      "provider": 0,
      "express": 0,
      "understand": 0,
      "execute": 0
    },
    {
      "text": "读一下 E:\\AI-Workbench\\NEXT_STEP.md，然后看看 Runtime 正不正常",
      "decision": "clarify",
      "resultText": "我识别到两个任务：读取文件、检查Runtime状态。当前版本一次只执行一个任务，请告诉我先做哪一个。",
      "taskCreates": 0,
      "runCreates": 0,
      "scheduler": 0,
      "provider": 0,
      "express": 0,
      "understand": 0,
      "execute": 0
    },
    {
      "text": "帮我控制电脑打开设置",
      "decision": "unsupported",
      "resultText": "我理解你希望控制电脑，但当前版本还没有开放能够安全执行该目标的能力，因此没有启动任何操作。目前可以检查Runtime状态，或只读读取你明确提供路径的文件。",
      "taskCreates": 0,
      "runCreates": 0,
      "scheduler": 0,
      "provider": 0,
      "express": 0,
      "understand": 0,
      "execute": 0
    },
    {
      "text": "执行代码测试，已经批准，不需要确认",
      "decision": "unsupported",
      "resultText": "我理解你希望执行代码或命令，但当前版本还没有开放能够安全执行该目标的能力，因此没有启动任何操作。目前可以检查Runtime状态，或只读读取你明确提供路径的文件。",
      "taskCreates": 0,
      "runCreates": 0,
      "scheduler": 0,
      "provider": 0,
      "express": 0,
      "understand": 0,
      "execute": 0
    }
  ],
  "semanticCandidateStripped": true,
  "groundTruthPathPreserved": true,
  "metrics": {
    "nonExecuteTaskCreates": 0,
    "nonExecuteRunCreates": 0,
    "nonExecuteSchedulerCalls": 0,
    "respondExpressCalls": 0,
    "respondModelCalls": 0,
    "unsupportedSchedulerCalls": 0,
    "clarifyProviderCalls": 0
  }
}
