2026-07-25T14:54:00+08:00 | command: git status --short --branch | exit_code: 0 | output: ## main...origin/main
2026-07-25T14:54:00+08:00 | command: git rev-parse HEAD | exit_code: 0 | output: db4e055273c4cd8a3639fe61e322644d5ed5a908
2026-07-25T14:54:00+08:00 | command: git rev-parse origin/main | exit_code: 0 | output: db4e055273c4cd8a3639fe61e322644d5ed5a908
2026-07-25T14:54:00+08:00 | command: git diff db4e055273c4cd8a3639fe61e322644d5ed5a908..HEAD -- managed-proxy | exit_code: 0 | output: no managed-proxy changes
2026-07-25T14:54:00+08:00 | command: git fetch origin --prune | exit_code: 1 | output: SEC_E_NO_CREDENTIALS; no credential repair attempted
2026-07-25T15:00:00+08:00 | command: wrangler deployments status/list | exit_code: 0 | output: active deployment 55b20f6c-1a50-446b-95cc-18ebf0e6cbe1; stable 99%; candidate 1%
2026-07-25T15:02:00+08:00 | command: wrangler d1 schema and aggregate budget reads | exit_code: 0 | output: schema unchanged; monthly_platform_budget 0 rows/0 reserved; monthly_model_budget 0 rows/0 reserved; installations 33; daily_usage today 0
2026-07-25T15:03:00+08:00 | command: wrangler secret list --format json | exit_code: 0 | output: DEEPSEEK_API_KEY, INSTALLATION_HASH_SALT, TOKEN_SIGNING_SECRET names only; values not read
2026-07-25T15:03:00+08:00 | command: production and version override GET /health and /v1/models | exit_code: 0 | output: all HTTP 200; full hostname not recorded
2026-07-25T15:04:00+08:00 | command: reservation calculation | exit_code: 0 | output: expected reservation 21 micro-USD; within 100 micro-USD gate
2026-07-25T15:04:30+08:00 | command: one-time temp Node script register then at most one chat | exit_code: 0 | output: register attempts 1; register HTTP status unavailable; token not returned; chat attempts 0; token not logged; temp script deleted
2026-07-25T15:05:00+08:00 | command: post-attempt deployment, budget, usage, secrets and health reads | exit_code: 0 | output: deployment unchanged 99/1; budget unchanged; installations unchanged; daily_usage unchanged; secrets unchanged; health checks HTTP 200
2026-07-25T15:15:00+08:00 | command: parse monthly-budget-worker-controlled-real-canary JSON files | exit_code: 0 | output: json ok
2026-07-25T15:15:00+08:00 | command: npm.cmd run docs:generate-handoff | exit_code: 0 | output: handoff snapshot generated
2026-07-25T15:15:00+08:00 | command: npm.cmd run verify:docs-consistency | exit_code: 0 | output: passed
2026-07-25T15:16:00+08:00 | command: controlled attempt, reservation, traffic, token persistence and modification flag checks | exit_code: 0 | output: checks ok
2026-07-25T15:16:00+08:00 | command: git diff --check | exit_code: 0 | output: passed with line-ending warnings only
2026-07-25T15:16:00+08:00 | command: sensitive pattern scan | exit_code: 1 | output: no secrets, tokens, authorization headers, cookies, full production hostname or JWT found
2026-07-25T15:22:00+08:00 | command: git status/rev-parse/log/merge-base and managed-proxy diff | exit_code: 0 | output: clean; HEAD=origin/main=a36dfc0acb53bc8a636a5fcf7ce605c118156199; a36dfc0 ancestor true; no managed-proxy diff
2026-07-25T15:22:00+08:00 | command: git fetch origin --prune | exit_code: 1 | output: SEC_E_NO_CREDENTIALS; no credential repair attempted
2026-07-25T15:24:00+08:00 | command: inspect previous blocked evidence | exit_code: 0 | output: previous_exception_details_missing; previous registration attempts 1; chat attempts 0; provider calls 0
2026-07-25T15:25:00+08:00 | command: production baseline read-only checks | exit_code: 0 | output: active deployment 55b20f6c-1a50-446b-95cc-18ebf0e6cbe1; stable 99%; candidate 1%; budget tables 0 rows/0 reserved; D1 schema and Secret names unchanged
2026-07-25T15:26:00+08:00 | command: Node built-in fetch no-fee transport diagnosis | exit_code: 0 | output: GET/OPTIONS/stateless POST all failed before response headers with UND_ERR_CONNECT_TIMEOUT
2026-07-25T15:31:00+08:00 | command: PowerShell no-fee GET cross-check | exit_code: 0 | output: candidate override /health HTTP 200; /v1/models HTTP 200
2026-07-25T15:34:00+08:00 | command: Node fetch with undici ProxyAgent no-fee diagnosis | exit_code: 0 | output: /health 200; /v1/models 200; register OPTIONS 404; stateless missing POST 404
2026-07-25T15:45:00+08:00 | command: wrangler tail --version-id candidate attempt | exit_code: mixed | output: sampling-rate 1 rejected; sampling-rate 0.999 did not produce usable version-hit confirmation; no registration performed
2026-07-25T15:50:00+08:00 | command: post-diagnosis deployment and budget checks | exit_code: 0 | output: deployment unchanged 99/1; budget tables still 0 rows/0 reserved; temp scripts deleted; no managed-proxy diff
2026-07-25T15:58:00+08:00 | command: npm.cmd run docs:generate-handoff and verify:docs-consistency | exit_code: 0 | output: handoff generated; docs consistency passed
2026-07-25T16:00:00+08:00 | command: json parse, git diff --check, sensitive scan, managed-proxy diff | exit_code: 0 | output: json ok; diff check passed with line-ending warnings only; sensitive scan no matches; no managed-proxy diff
2026-07-25T16:02:00+08:00 | command: temp artifact cleanup check | exit_code: partial | output: diagnostic scripts deleted; two task-named tail temp output files remained in TEMP, not submitted; no bulk process termination performed
2026-07-25T16:11:00+08:00 | command: baseline for candidate Preview URL run | exit_code: 0 | output: clean; HEAD=origin/main=0446108; no managed-proxy diff; fetch still SEC_E_NO_CREDENTIALS
2026-07-25T16:15:00+08:00 | command: production baseline read-only checks | exit_code: 0 | output: active deployment 55b20f6c-1a50-446b-95cc-18ebf0e6cbe1; stable 99%; candidate 1%; budget rows 0; installations 33; daily_usage 0; Secret names unchanged
2026-07-25T16:18:00+08:00 | command: candidate Preview URL no-fee checks through ProxyAgent | exit_code: 0 | output: /health 200; /v1/models 200; unauthenticated chat 401 missing_token; no provider call
2026-07-25T16:18:00+08:00 | command: reservation calculation | exit_code: 0 | output: expected reservation 21 micro-USD; within 100 micro-USD gate
2026-07-25T16:18:17+08:00 | command: one-time Preview registration and one-time real chat through ProxyAgent | exit_code: 0 | output: registration 200 token returned; chat attempted once; chat HTTP 400 invalid_request_error; no retry; token not logged; full Preview URL not logged
2026-07-25T16:20:00+08:00 | command: post-call budget and usage read-only checks | exit_code: 0 | output: platform +21/+1; model +21/+1; installations +1; daily_usage +2 requests/+2 input tokens/+0 output tokens
2026-07-25T16:26:00+08:00 | command: 5 minute production health observation and final state checks | exit_code: 0 | output: production /health and /v1/models remained 200; deployment remained 99/1; D1 schema and Secret names unchanged; no managed-proxy diff
