2026-07-25T13:00:00+08:00 | command: git status --short --branch | exit_code: 0 | output: ## main...origin/main
2026-07-25T13:00:00+08:00 | command: git rev-parse HEAD | exit_code: 0 | output: 37ab9c28a451dcdc858ce783293ef09448b7bc34
2026-07-25T13:00:00+08:00 | command: git rev-parse origin/main | exit_code: 0 | output: 37ab9c28a451dcdc858ce783293ef09448b7bc34
2026-07-25T13:00:00+08:00 | command: git log -5 --oneline --decorate | exit_code: 0 | output: latest 37ab9c2 docs-only strategy commit; previous 657ace4 preview upload verification
2026-07-25T13:00:00+08:00 | command: git diff 657ace41faf534ede8f7f50df5153ecc6d9d2733..37ab9c28a451dcdc858ce783293ef09448b7bc34 -- managed-proxy | exit_code: 0 | output: no diff
2026-07-25T13:04:00+08:00 | command: npx.cmd wrangler --version | exit_code: 0 | output: 4.113.0
2026-07-25T13:05:40+08:00 | command: Cloudflare API read-only versions/deployments query | exit_code: 0 | output: candidate version present; stable version present; active deployment 61aa34dd-c20a-42b4-a3c6-1ca474a81e5e; stable 100%; candidate not active
2026-07-25T13:06:00+08:00 | command: npx.cmd wrangler d1 execute aiw-managed-proxy --remote --command <SELECT budget table counts and reserved sums> | exit_code: 0 | output: monthly_platform_budget rows 0 reserved 0; monthly_model_budget rows 0 reserved 0; rows_written 0; changed_db false
2026-07-25T13:06:30+08:00 | command: curl production GET /health and /v1/models | exit_code: 0 | output: /health HTTP 200; /v1/models HTTP 200; full hostname not recorded
2026-07-25T13:08:00+08:00 | command: npx.cmd wrangler versions deploy --help | exit_code: 0 | output: supports version-specs <version-id>@<percentage>; percentage range 0-100
2026-07-25T13:09:26+08:00 | command: npx.cmd wrangler versions deploy <stable-version>@100 <candidate-version>@0 --name ai-workbench-managed-proxy --message <3B-2b2b zero traffic message> --yes | exit_code: 0 | output: deployed stable at 100% and candidate at 0%
2026-07-25T13:10:31+08:00 | command: Cloudflare API read-only deployment query | exit_code: 0 | output: active deployment 063b83c3-974f-43fb-84f2-9da0d574f745; stable 100%; candidate 0%
2026-07-25T13:10:45+08:00 | command: npx.cmd wrangler d1 execute aiw-managed-proxy --remote --command <SELECT budget table counts and reserved sums> | exit_code: 0 | output: both budget tables rows 0 reserved 0; rows_written 0; changed_db false
2026-07-25T13:10:45+08:00 | command: curl production GET /health and /v1/models | exit_code: 0 | output: /health HTTP 200; /v1/models HTTP 200; full hostname not recorded
2026-07-25T13:11:30+08:00 | command: curl production hostname with Cloudflare-Workers-Version-Overrides header targeting candidate version | exit_code: 0 | output: /health HTTP 200; /v1/models HTTP 200; unauthenticated /v1/chat/completions HTTP 401 missing_token; no real installation token
2026-07-25T13:12:14+08:00 | command: Cloudflare API read-only deployment query after version override | exit_code: 0 | output: active deployment unchanged; stable 100%; candidate 0%
2026-07-25T13:12:14+08:00 | command: npx.cmd wrangler d1 execute aiw-managed-proxy --remote --command <SELECT budget table counts and reserved sums> | exit_code: 0 | output: both budget tables rows 0 reserved 0; rows_written 0; changed_db false
2026-07-25T13:14:00+08:00 | command: Preview URL redaction scan | exit_code: 0 | output: current files redacted; full URL existed in pushed history; no history rewrite and no force push
2026-07-25T13:20:00+08:00 | command: JSON parse verification monthly budget zero traffic and preview upload evidence | exit_code: 0 | output: all relevant JSON parsed
2026-07-25T13:20:00+08:00 | command: rg fixed string full Preview URL across current repo | exit_code: 1 | output: no matches
2026-07-25T13:20:00+08:00 | command: npm.cmd run docs:generate-handoff | exit_code: 0 | output: handoff generated
2026-07-25T13:20:00+08:00 | command: npm.cmd run verify:docs-consistency | exit_code: 0 | output: docs consistency passed
2026-07-25T13:21:00+08:00 | command: git diff --check | exit_code: 0 | output: no whitespace errors
2026-07-25T13:21:00+08:00 | command: sensitive information scan over updated docs and evidence | exit_code: 0 | output: no token, secret, Cookie, Authorization header, or API key values found
2026-07-25T13:21:00+08:00 | command: full production hostname scan in current task evidence | exit_code: 1 | output: no matches
