2026-07-25T14:00:00+08:00 | command: git status --short --branch | exit_code: 0 | output: ## main...origin/main
2026-07-25T14:00:00+08:00 | command: git rev-parse HEAD | exit_code: 0 | output: 06933e9958621e7a5a1c05a390a4f168290daa33
2026-07-25T14:00:00+08:00 | command: git rev-parse origin/main | exit_code: 0 | output: 06933e9958621e7a5a1c05a390a4f168290daa33
2026-07-25T14:00:00+08:00 | command: git fetch origin --prune | exit_code: 1 | output: failed SEC_E_NO_CREDENTIALS; credentials not modified
2026-07-25T14:00:00+08:00 | command: git merge-base --is-ancestor 06933e9958621e7a5a1c05a390a4f168290daa33 HEAD | exit_code: 0 | output: ancestor yes
2026-07-25T14:00:00+08:00 | command: git diff 06933e9958621e7a5a1c05a390a4f168290daa33..HEAD -- managed-proxy | exit_code: 0 | output: no diff
2026-07-25T14:03:00+08:00 | command: npx.cmd wrangler --version | exit_code: 0 | output: 4.113.0
2026-07-25T14:04:00+08:00 | command: wrangler deployments status/list and versions view | exit_code: 0 | output: active deployment 063b83c3...f745; stable 100%; candidate 0%; both versions exist; full database ID omitted from evidence
2026-07-25T14:05:00+08:00 | command: wrangler secret list | exit_code: 0 | output: names only DEEPSEEK_API_KEY, INSTALLATION_HASH_SALT, TOKEN_SIGNING_SECRET
2026-07-25T14:06:00+08:00 | command: D1 schema and budget table SELECT | exit_code: 0 | output: expected budget schema; both budget tables row_count 0 reserved 0 call_count 0
2026-07-25T14:07:00+08:00 | command: wrangler tail --help, wrangler rollback --help, wrangler versions deploy --help | exit_code: 0 | output: tail/rollback/versions deploy commands available
2026-07-25T14:08:00+08:00 | command: start tail with --sampling-rate 1 | exit_code: nonzero | output: Wrangler rejected 1; requires value between 0 and 1
2026-07-25T14:10:00+08:00 | command: start tail with --sampling-rate 0.999 | exit_code: 0 | output: overall and candidate-error tail processes started; raw logs kept in temp only
2026-07-25T14:12:30+08:00 | command: npx.cmd wrangler versions deploy <stable>@99% <candidate>@1% --dry-run -y | exit_code: 0 | output: dry-run selected exactly stable 99% and candidate 1%; no third version
2026-07-25T14:13:02+08:00 | command: npx.cmd wrangler versions deploy <stable>@99% <candidate>@1% --message <1 percent production canary> -y | exit_code: 0 | output: deployed stable 99% and candidate 1%
2026-07-25T14:13:30+08:00 | command: wrangler deployments status/list | exit_code: 0 | output: active deployment 55b20f6c...be1; stable 99%; candidate 1%
2026-07-25T14:14:00+08:00 | command: production health/models checks, 3 rounds | exit_code: 0 | output: all /health and /v1/models HTTP 200
2026-07-25T14:15:00+08:00 | command: version override GET checks targeting candidate | exit_code: 0 | output: /health HTTP 200; /v1/models HTTP 200; no chat request
2026-07-25T14:16:14+08:00 | snapshot: T+0 | output: deployment 55b20f6c...be1; stable 99; candidate 1; health 200; models 200; observed invocations 0; errors 0; rollback false
2026-07-25T14:18:05+08:00 | snapshot: T+2 | output: deployment 55b20f6c...be1; stable 99; candidate 1; health 200; models 200; observed invocations 0; errors 0; rollback false
2026-07-25T14:21:09+08:00 | snapshot: T+5 | output: deployment 55b20f6c...be1; stable 99; candidate 1; health 200; models 200; budget rows 0; rollback false
2026-07-25T14:24:29+08:00 | snapshot: T+10 | output: deployment 55b20f6c...be1; stable 99; candidate 1; health 200; models 200; rollback false
2026-07-25T14:27:53+08:00 | snapshot: T+15 | output: deployment 55b20f6c...be1; stable 99; candidate 1; health 200; models 200; budget rows 0; rollback false
2026-07-25T14:31:59+08:00 | snapshot: T+20 | output: deployment 55b20f6c...be1; stable 99; candidate 1; health 200; models 200; rollback false
2026-07-25T14:37:13+08:00 | snapshot: T+25-final | output: deployment 55b20f6c...be1; stable 99; candidate 1; health 200; models 200; budget rows 0; secrets unchanged; D1 schema unchanged; rollback false
2026-07-25T14:38:00+08:00 | command: stop task-owned Wrangler tail processes | exit_code: partial_summary_unavailable | output: follow-up check confirmed no matching task tail processes remained
2026-07-25T14:45:00+08:00 | command: remove task-owned temp tail directory | exit_code: 0 | output: tail temp cleanup passed
2026-07-25T14:46:00+08:00 | command: npm.cmd run docs:generate-handoff | exit_code: 0 | output: handoff generated
2026-07-25T14:46:00+08:00 | command: npm.cmd run verify:docs-consistency | exit_code: 0 | output: docs consistency passed
2026-07-25T14:48:00+08:00 | command: full production hostname and sensitive target ID scan | exit_code: 0 | output: current files redacted; old CHANGELOG current content redacted without rewriting Git history
2026-07-25T14:49:00+08:00 | command: npm.cmd run docs:generate-handoff and verify:docs-consistency after redaction | exit_code: 0 | output: handoff generated; docs consistency passed
2026-07-25T14:52:00+08:00 | command: wrangler deployments status --json | exit_code: 0 | output: active deployment 55b20f6c...be1; stable 99%; candidate 1%
